🐍 Setting up Python environment...
✅ Python environment ready
⚙️ Configuring CMake...
CMake Warning (dev) at /Users/arinjaysinghal/Desktop/Stones-and-Rivers-COL333/.venv/lib/python3.13/site-packages/pybind11/share/cmake/pybind11/FindPythonLibsNew.cmake:101 (message):
  Policy CMP0148 is not set: The FindPythonInterp and FindPythonLibs modules
  are removed.  Run "cmake --help-policy CMP0148" for policy details.  Use
  the cmake_policy command to set the policy and suppress this warning, or
  preferably upgrade to using FindPython, either by calling it explicitly
  before pybind11, or by setting PYBIND11_FINDPYTHON ON before pybind11.
Call Stack (most recent call first):
  /Users/arinjaysinghal/Desktop/Stones-and-Rivers-COL333/.venv/lib/python3.13/site-packages/pybind11/share/cmake/pybind11/pybind11Tools.cmake:44 (find_package)
  /Users/arinjaysinghal/Desktop/Stones-and-Rivers-COL333/.venv/lib/python3.13/site-packages/pybind11/share/cmake/pybind11/pybind11Common.cmake:226 (include)
  /Users/arinjaysinghal/Desktop/Stones-and-Rivers-COL333/.venv/lib/python3.13/site-packages/pybind11/share/cmake/pybind11/pybind11Config.cmake:257 (include)
  CMakeLists.txt:6 (find_package)
This warning is for project developers.  Use -Wno-dev to suppress it.

-- Found pybind11: /Users/arinjaysinghal/Desktop/Stones-and-Rivers-COL333/.venv/lib/python3.13/site-packages/pybind11/include (found version "3.0.1")
-- Configuring done (0.1s)
-- Generating done (0.0s)
-- Build files have been written to: /Users/arinjaysinghal/Desktop/Stones-and-Rivers-COL333/c++_sample_files/build
✅ CMake configuration complete
🔨 Compiling C++ code...
[100%] Built target student_agent_module
✅ C++ compilation successful
📦 Setting up client directory...
✅ Client directory setup complete
🧪 Testing the setup...
   Testing C++ module import...
✅ C++ module imported successfully!
   Testing agent creation...
Transposition Table initialized: 2796202 entries (~64 MB)
Student Agent () created with Transposition Table enabled
✅ C++ agent created successfully!

=== Transposition Table Statistics ===
Hits: 0
Misses: 0
Stores: 0
Collisions: 0
Hit Rate: 0%
✅ All tests passed!
🎮 Starting Stones and Rivers Game (with GUI)...
===============================================
Mode: aivai | Circle: student_cpp | Square: student_cpp
/Users/arinjaysinghal/Desktop/Stones-and-Rivers-COL333/.venv/lib/python3.13/site-packages/pygame/pkgdata.py:25: UserWarning: pkg_resources is deprecated as an API. See https://setuptools.pypa.io/en/latest/pkg_resources.html. The pkg_resources package is slated for removal as early as 2025-11-30. Refrain from using this package or pin to Setuptools<81.
  from pkg_resources import resource_stream, resource_exists
Transposition Table initialized: 2796202 entries (~64 MB)
Student Agent () created with Transposition Table enabled
Transposition Table initialized: 2796202 entries (~64 MB)
Student Agent () created with Transposition Table enabled
=========================================
Doing Minimax for player: circle at depth 3

--- Pruning Statistics ---
Nodes visited: 6205
Nodes pruned: 5471
Total nodes (visited + pruned): 11676
Pruning efficiency: 46.8568%
-------------------------


========== PRINCIPAL VARIATION (Bot's Analysis) ==========
The bot expects the following sequence of moves:

  Move 1 - circle will flip at (3,9)
  Move 2 - square will move from (3,3) to (2,3)
  Move 3 - circle will flip at (8,9)
==========================================================

Selected: flip from (3,9) to (3,9)
📊 Board state recorded. History size: 1
----- Debug Heuristic -----
Vertical Push: 130
Pieces in Scoring (Attack): 0
Horizontal Attack Self: 0
Inactive Self: 0
Pieces Blocking Vertical Self: 0
Horizontal Base Self: 0
Horizontal Negative Self: 0
--- Opponent ---
Pieces in Scoring (Defense): 0
Pieces Blocking Vertical Opp: 0
Horizontal Base Opp: 0
Horizontal Attack Opp: 0
Inactive Opp: 0
Total Evaluation: 130
---------------------------
Move returned in 0.090371 seconds.
TT Hit Rate: 14.2811% (886 hits, 5318 misses)
Total moves made by agent: 1
=========================================
Doing Minimax for player: square at depth 3

--- Pruning Statistics ---
Nodes visited: 6714
Nodes pruned: 6963
Total nodes (visited + pruned): 13677
Pruning efficiency: 50.9103%
-------------------------


========== PRINCIPAL VARIATION (Bot's Analysis) ==========
The bot expects the following sequence of moves:

  Move 1 - square will flip at (3,3)
  Move 2 - circle will push from (4,8) to (3,8) pushing to (2,8)
  Move 3 - square will flip at (8,3)
==========================================================

Selected: flip from (3,3) to (3,3)
📊 Board state recorded. History size: 1
----- Debug Heuristic -----
Vertical Push: 130
Pieces in Scoring (Attack): 0
Horizontal Attack Self: 0
Inactive Self: 0
Pieces Blocking Vertical Self: 0
Horizontal Base Self: 0
Horizontal Negative Self: 0
--- Opponent ---
Pieces in Scoring (Defense): 0
Pieces Blocking Vertical Opp: 0
Horizontal Base Opp: 0
Horizontal Attack Opp: 0
Inactive Opp: 0
Total Evaluation: 130
---------------------------
Move returned in 0.09042 seconds.
TT Hit Rate: 12.0661% (810 hits, 5903 misses)
Total moves made by agent: 1
=========================================
Doing Minimax for player: circle at depth 3

--- Pruning Statistics ---
Nodes visited: 5245
Nodes pruned: 8672
Total nodes (visited + pruned): 13917
Pruning efficiency: 62.3123%
-------------------------


========== PRINCIPAL VARIATION (Bot's Analysis) ==========
The bot expects the following sequence of moves:

  Move 1 - circle will flip at (8,9)
  Move 2 - square will flip at (6,3)
  Move 3 - circle will move from (8,9) to (9,9)
==========================================================

Selected: flip from (8,9) to (8,9)
📊 Board state recorded. History size: 2
----- Debug Heuristic -----
Vertical Push: 260
Pieces in Scoring (Attack): 0
Horizontal Attack Self: 0
Inactive Self: 0
Pieces Blocking Vertical Self: 0
Horizontal Base Self: 0
Horizontal Negative Self: 0
--- Opponent ---
Pieces in Scoring (Defense): 0
Pieces Blocking Vertical Opp: 0
Horizontal Base Opp: 0
Horizontal Attack Opp: 0
Inactive Opp: 0
Total Evaluation: 260
---------------------------
Move returned in 0.080462 seconds.
TT Hit Rate: 15.6883% (1796 hits, 9652 misses)
Total moves made by agent: 2
=========================================
Doing Minimax for player: square at depth 3

--- Pruning Statistics ---
Nodes visited: 5225
Nodes pruned: 10623
Total nodes (visited + pruned): 15848
Pruning efficiency: 67.0305%
-------------------------


========== PRINCIPAL VARIATION (Bot's Analysis) ==========
The bot expects the following sequence of moves:

  Move 1 - square will flip at (8,3)
  Move 2 - circle will flip at (7,9)
  Move 3 - square will move from (8,3) to (9,3)
==========================================================

Selected: flip from (8,3) to (8,3)
📊 Board state recorded. History size: 2
----- Debug Heuristic -----
Vertical Push: 260
Pieces in Scoring (Attack): 0
Horizontal Attack Self: 0
Inactive Self: 0
Pieces Blocking Vertical Self: 0
Horizontal Base Self: 0
Horizontal Negative Self: 0
--- Opponent ---
Pieces in Scoring (Defense): 0
Pieces Blocking Vertical Opp: 0
Horizontal Base Opp: 0
Horizontal Attack Opp: 0
Inactive Opp: 0
Total Evaluation: 260
---------------------------
Move returned in 0.086172 seconds.
TT Hit Rate: 13.5964% (1623 hits, 10314 misses)
Total moves made by agent: 2
=========================================
Doing Minimax for player: circle at depth 3

--- Pruning Statistics ---
Nodes visited: 7097
Nodes pruned: 12657
Total nodes (visited + pruned): 19754
Pruning efficiency: 64.0731%
-------------------------


========== PRINCIPAL VARIATION (Bot's Analysis) ==========
The bot expects the following sequence of moves:

  Move 1 - circle will flip at (4,9)
  Move 2 - square will move from (4,4) to (4,5)
  Move 3 - circle will move from (8,9) to (9,9)
==========================================================

Selected: flip from (4,9) to (4,9)
📊 Board state recorded. History size: 3
----- Debug Heuristic -----
Vertical Push: 350
Pieces in Scoring (Attack): 0
Horizontal Attack Self: 0
Inactive Self: 0
Pieces Blocking Vertical Self: 0
Horizontal Base Self: 0
Horizontal Negative Self: 0
--- Opponent ---
Pieces in Scoring (Defense): 0
Pieces Blocking Vertical Opp: 0
Horizontal Base Opp: 0
Horizontal Attack Opp: 0
Inactive Opp: 0
Total Evaluation: 350
---------------------------
Move returned in 0.10998 seconds.
TT Hit Rate: 13.4976% (2503 hits, 16041 misses)
Total moves made by agent: 3
=========================================
Doing Minimax for player: square at depth 3

--- Pruning Statistics ---
Nodes visited: 7344
Nodes pruned: 12640
Total nodes (visited + pruned): 19984
Pruning efficiency: 63.2506%
-------------------------


========== PRINCIPAL VARIATION (Bot's Analysis) ==========
The bot expects the following sequence of moves:

  Move 1 - square will flip at (6,3)
  Move 2 - circle will push from (6,9) to (6,8) pushing to (6,7)
  Move 3 - square will move from (3,3) to (2,3)
==========================================================

Selected: flip from (6,3) to (6,3)
📊 Board state recorded. History size: 3
----- Debug Heuristic -----
Vertical Push: 350
Pieces in Scoring (Attack): 0
Horizontal Attack Self: 0
Inactive Self: 0
Pieces Blocking Vertical Self: 0
Horizontal Base Self: 0
Horizontal Negative Self: 0
--- Opponent ---
Pieces in Scoring (Defense): 0
Pieces Blocking Vertical Opp: 0
Horizontal Base Opp: 0
Horizontal Attack Opp: 0
Inactive Opp: 0
Total Evaluation: 350
---------------------------
Move returned in 0.113455 seconds.
TT Hit Rate: 11.3071% (2180 hits, 17100 misses)
Total moves made by agent: 3
=========================================
Doing Minimax for player: circle at depth 3

--- Pruning Statistics ---
Nodes visited: 8233
Nodes pruned: 17853
Total nodes (visited + pruned): 26086
Pruning efficiency: 68.439%
-------------------------


========== PRINCIPAL VARIATION (Bot's Analysis) ==========
The bot expects the following sequence of moves:

  Move 1 - circle will flip at (5,9)
  Move 2 - square will move from (4,4) to (4,5)
  Move 3 - circle will move from (8,9) to (9,9)
==========================================================

Selected: flip from (5,9) to (5,9)
📊 Board state recorded. History size: 4
----- Debug Heuristic -----
Vertical Push: 410
Pieces in Scoring (Attack): 0
Horizontal Attack Self: 0
Inactive Self: 0
Pieces Blocking Vertical Self: 0
Horizontal Base Self: 0
Horizontal Negative Self: 0
--- Opponent ---
Pieces in Scoring (Defense): 0
Pieces Blocking Vertical Opp: 0
Horizontal Base Opp: 0
Horizontal Attack Opp: 0
Inactive Opp: 0
Total Evaluation: 410
---------------------------
Move returned in 0.133265 seconds.
TT Hit Rate: 11.7269% (3140 hits, 23636 misses)
Total moves made by agent: 4
=========================================
Doing Minimax for player: square at depth 3

--- Pruning Statistics ---
Nodes visited: 6800
Nodes pruned: 10051
Total nodes (visited + pruned): 16851
Pruning efficiency: 59.6463%
-------------------------


========== PRINCIPAL VARIATION (Bot's Analysis) ==========
The bot expects the following sequence of moves:

  Move 1 - square will move from (3,3) to (2,3)
  Move 2 - circle will move from (3,9) to (2,9)
  Move 3 - square will move from (8,3) to (9,3)
==========================================================

Selected: move from (3,3) to (2,3)
📊 Board state recorded. History size: 4
----- Debug Heuristic -----
Vertical Push: 512.5
Pieces in Scoring (Attack): 0
Horizontal Attack Self: 0
Inactive Self: 0
Pieces Blocking Vertical Self: 0
Horizontal Base Self: 0
Horizontal Negative Self: 0
--- Opponent ---
Pieces in Scoring (Defense): 0
Pieces Blocking Vertical Opp: 0
Horizontal Base Opp: 0
Horizontal Attack Opp: 0
Inactive Opp: 0
Total Evaluation: 512.5
---------------------------
Move returned in 0.105442 seconds.
TT Hit Rate: 10.4759% (2732 hits, 23347 misses)
Total moves made by agent: 4
=========================================
Doing Minimax for player: circle at depth 3

--- Pruning Statistics ---
Nodes visited: 36671
Nodes pruned: 41067
Total nodes (visited + pruned): 77738
Pruning efficiency: 52.8274%
-------------------------


========== PRINCIPAL VARIATION (Bot's Analysis) ==========
The bot expects the following sequence of moves:

  Move 1 - circle will push from (7,8) to (8,8) pushing to (9,8)
  Move 2 - square will push from (8,3) to (8,4) pushing to (8,7)
  Move 3 - circle will flip at (9,8)
==========================================================

Selected: push from (7,8) to (8,8)
📊 Board state recorded. History size: 5
----- Debug Heuristic -----
Vertical Push: 410
Pieces in Scoring (Attack): 0
Horizontal Attack Self: 0
Inactive Self: 0
Pieces Blocking Vertical Self: 0
Horizontal Base Self: 0
Horizontal Negative Self: 0
--- Opponent ---
Pieces in Scoring (Defense): 0
Pieces Blocking Vertical Opp: 0
Horizontal Base Opp: 0
Horizontal Attack Opp: 0
Inactive Opp: 0
Total Evaluation: 410
---------------------------
Move returned in 0.382069 seconds.
TT Hit Rate: 11.0125% (6987 hits, 56459 misses)
Total moves made by agent: 5
=========================================
Doing Minimax for player: square at depth 3

--- Pruning Statistics ---
Nodes visited: 10284
Nodes pruned: 26533
Total nodes (visited + pruned): 36817
Pruning efficiency: 72.0673%
-------------------------


========== PRINCIPAL VARIATION (Bot's Analysis) ==========
The bot expects the following sequence of moves:

  Move 1 - square will flip at (7,3)
  Move 2 - circle will push from (8,9) to (7,9) pushing to (7,5)
  Move 3 - square will flip at (4,3)
==========================================================

Selected: flip from (7,3) to (7,3)
📊 Board state recorded. History size: 5
----- Debug Heuristic -----
Vertical Push: 512.5
Pieces in Scoring (Attack): 0
Horizontal Attack Self: 0
Inactive Self: 0
Pieces Blocking Vertical Self: 0
Horizontal Base Self: 0
Horizontal Negative Self: 0
--- Opponent ---
Pieces in Scoring (Defense): 0
Pieces Blocking Vertical Opp: 0
Horizontal Base Opp: 0
Horizontal Attack Opp: 0
Inactive Opp: 0
Total Evaluation: 512.5
---------------------------
Move returned in 0.162203 seconds.
TT Hit Rate: 11.0197% (4007 hits, 32355 misses)
Total moves made by agent: 5
=========================================
Doing Minimax for player: circle at depth 3

--- Pruning Statistics ---
Nodes visited: 8571
Nodes pruned: 12362
Total nodes (visited + pruned): 20933
Pruning efficiency: 59.0551%
-------------------------


========== PRINCIPAL VARIATION (Bot's Analysis) ==========
The bot expects the following sequence of moves:

  Move 1 - circle will flip at (9,8)
  Move 2 - square will push from (7,3) to (7,4) pushing to (7,8)
  Move 3 - circle will move from (8,8) to (9,1)
==========================================================

Selected: flip from (9,8) to (9,8)
📊 Board state recorded. History size: 6
----- Debug Heuristic -----
Vertical Push: 670
Pieces in Scoring (Attack): 0
Horizontal Attack Self: 0
Inactive Self: 0
Pieces Blocking Vertical Self: 0
Horizontal Base Self: 0
Horizontal Negative Self: 0
--- Opponent ---
Pieces in Scoring (Defense): 0
Pieces Blocking Vertical Opp: 0
Horizontal Base Opp: 0
Horizontal Attack Opp: 0
Inactive Opp: 0
Total Evaluation: 670
---------------------------
Move returned in 0.118884 seconds.
TT Hit Rate: 11.2975% (8136 hits, 63880 misses)
Total moves made by agent: 6
=========================================
Doing Minimax for player: square at depth 3

--- Pruning Statistics ---
Nodes visited: 16133
Nodes pruned: 25888
Total nodes (visited + pruned): 42021
Pruning efficiency: 61.6073%
-------------------------


========== PRINCIPAL VARIATION (Bot's Analysis) ==========
The bot expects the following sequence of moves:

  Move 1 - square will move from (7,4) to (7,8)
  Move 2 - circle will push from (7,9) to (7,8) pushing to (7,7)
  Move 3 - square will push from (7,7) to (7,8) pushing to (7,9)
==========================================================

Selected: move from (7,4) to (7,8)
📊 Board state recorded. History size: 6
----- Debug Heuristic -----
Vertical Push: 512.5
Pieces in Scoring (Attack): 3200
Horizontal Attack Self: 0
Inactive Self: 0
Pieces Blocking Vertical Self: 0
Horizontal Base Self: 0
Horizontal Negative Self: 0
--- Opponent ---
Pieces in Scoring (Defense): 0
Pieces Blocking Vertical Opp: 0
Horizontal Base Opp: 0
Horizontal Attack Opp: 0
Inactive Opp: 0
Total Evaluation: 3712.5
---------------------------
Move returned in 0.204767 seconds.
TT Hit Rate: 13.3996% (7034 hits, 45460 misses)
Total moves made by agent: 6
=========================================
Doing Minimax for player: circle at depth 3

--- Pruning Statistics ---
Nodes visited: 16603
Nodes pruned: 26274
Total nodes (visited + pruned): 42877
Pruning efficiency: 61.2776%
-------------------------


========== PRINCIPAL VARIATION (Bot's Analysis) ==========
The bot expects the following sequence of moves:

  Move 1 - circle will push from (7,9) to (7,8) pushing to (7,7)
  Move 2 - square will push from (7,7) to (7,8) pushing to (7,9)
  Move 3 - circle will move from (8,8) to (9,3)
==========================================================

Selected: push from (7,9) to (7,8)
📊 Board state recorded. History size: 6
----- Debug Heuristic -----
Vertical Push: 670
Pieces in Scoring (Attack): 0
Horizontal Attack Self: 0
Inactive Self: 0
Pieces Blocking Vertical Self: 0
Horizontal Base Self: 0
Horizontal Negative Self: 0
--- Opponent ---
Pieces in Scoring (Defense): 0
Pieces Blocking Vertical Opp: 0
Horizontal Base Opp: 0
Horizontal Attack Opp: 0
Inactive Opp: 0
Total Evaluation: 670
---------------------------
Move returned in 0.209902 seconds.
TT Hit Rate: 12.8856% (11419 hits, 77199 misses)
Total moves made by agent: 7
=========================================
Doing Minimax for player: square at depth 3

--- Pruning Statistics ---
Nodes visited: 16720
Nodes pruned: 20983
Total nodes (visited + pruned): 37703
Pruning efficiency: 55.6534%
-------------------------


========== PRINCIPAL VARIATION (Bot's Analysis) ==========
The bot expects the following sequence of moves:

  Move 1 - square will push from (7,7) to (7,8) pushing to (7,9)
  Move 2 - circle will push from (7,9) to (7,8) pushing to (7,7)
==========================================================

Selected: push from (7,7) to (7,8)
📊 Board state recorded. History size: 6
----- Debug Heuristic -----
Vertical Push: 512.5
Pieces in Scoring (Attack): 3200
Horizontal Attack Self: 0
Inactive Self: 0
Pieces Blocking Vertical Self: 0
Horizontal Base Self: 0
Horizontal Negative Self: 0
--- Opponent ---
Pieces in Scoring (Defense): 0
Pieces Blocking Vertical Opp: 0
Horizontal Base Opp: 0
Horizontal Attack Opp: 0
Inactive Opp: 0
Total Evaluation: 3712.5
---------------------------
Move returned in 0.200831 seconds.
TT Hit Rate: 14.8527% (10280 hits, 58933 misses)
Total moves made by agent: 7
=========================================
Doing Minimax for player: circle at depth 3

--- Pruning Statistics ---
Nodes visited: 432
Nodes pruned: 73
Total nodes (visited + pruned): 505
Pruning efficiency: 14.4554%
-------------------------


========== PRINCIPAL VARIATION (Bot's Analysis) ==========
The bot expects the following sequence of moves:

  Move 1 - circle will push from (7,9) to (7,8) pushing to (7,7)
  Move 2 - square will push from (7,7) to (7,8) pushing to (7,9)
==========================================================

Selected: push from (7,9) to (7,8)
📊 Board state recorded. History size: 6
----- Debug Heuristic -----
Vertical Push: 670
Pieces in Scoring (Attack): 0
Horizontal Attack Self: 0
Inactive Self: 0
Pieces Blocking Vertical Self: 0
Horizontal Base Self: 0
Horizontal Negative Self: 0
--- Opponent ---
Pieces in Scoring (Defense): 0
Pieces Blocking Vertical Opp: 0
Horizontal Base Opp: 0
Horizontal Attack Opp: 0
Inactive Opp: 0
Total Evaluation: 670
---------------------------
Move returned in 0.004509 seconds.
TT Hit Rate: 13.3017% (11845 hits, 77204 misses)
Total moves made by agent: 8
=========================================
Doing Minimax for player: square at depth 3

--- Pruning Statistics ---
Nodes visited: 175
Nodes pruned: 74
Total nodes (visited + pruned): 249
Pruning efficiency: 29.7189%
-------------------------


========== PRINCIPAL VARIATION (Bot's Analysis) ==========
The bot expects the following sequence of moves:

  Move 1 - square will push from (7,7) to (7,8) pushing to (7,9)
  Move 2 - circle will push from (7,9) to (7,8) pushing to (7,7)
==========================================================

Selected: push from (7,7) to (7,8)
📊 Board state recorded. History size: 6
----- Debug Heuristic -----
Vertical Push: 512.5
Pieces in Scoring (Attack): 3200
Horizontal Attack Self: 0
Inactive Self: 0
Pieces Blocking Vertical Self: 0
Horizontal Base Self: 0
Horizontal Negative Self: 0
--- Opponent ---
Pieces in Scoring (Defense): 0
Pieces Blocking Vertical Opp: 0
Horizontal Base Opp: 0
Horizontal Attack Opp: 0
Inactive Opp: 0
Total Evaluation: 3712.5
---------------------------
Move returned in 0.002299 seconds.
TT Hit Rate: 15.0605% (10450 hits, 58937 misses)
Total moves made by agent: 8
=========================================
Doing Minimax for player: circle at depth 3

--- Pruning Statistics ---
Nodes visited: 351
Nodes pruned: 0
Total nodes (visited + pruned): 351
Pruning efficiency: 0%
-------------------------


========== PRINCIPAL VARIATION (Bot's Analysis) ==========
The bot expects the following sequence of moves:

  Move 1 - circle will push from (7,9) to (7,8) pushing to (7,7)
  Move 2 - square will push from (7,7) to (7,8) pushing to (7,9)
==========================================================

Selected: push from (7,9) to (7,8)
📊 Board state recorded. History size: 6
----- Debug Heuristic -----
Vertical Push: 670
Pieces in Scoring (Attack): 0
Horizontal Attack Self: 0
Inactive Self: 0
Pieces Blocking Vertical Self: 0
Horizontal Base Self: 0
Horizontal Negative Self: 0
--- Opponent ---
Pieces in Scoring (Defense): 0
Pieces Blocking Vertical Opp: 0
Horizontal Base Opp: 0
Horizontal Attack Opp: 0
Inactive Opp: 0
Total Evaluation: 670
---------------------------
Move returned in 0.004523 seconds.
TT Hit Rate: 13.6377% (12192 hits, 77207 misses)
Total moves made by agent: 9
=========================================
Doing Minimax for player: square at depth 3

--- Pruning Statistics ---
Nodes visited: 173
Nodes pruned: 0
Total nodes (visited + pruned): 173
Pruning efficiency: 0%
-------------------------


========== PRINCIPAL VARIATION (Bot's Analysis) ==========
The bot expects the following sequence of moves:

  Move 1 - square will push from (7,7) to (7,8) pushing to (7,9)
  Move 2 - circle will push from (7,9) to (7,8) pushing to (7,7)
==========================================================

Selected: push from (7,7) to (7,8)
📊 Board state recorded. History size: 6
----- Debug Heuristic -----
Vertical Push: 512.5
Pieces in Scoring (Attack): 3200
Horizontal Attack Self: 0
Inactive Self: 0
Pieces Blocking Vertical Self: 0
Horizontal Base Self: 0
Horizontal Negative Self: 0
--- Opponent ---
Pieces in Scoring (Defense): 0
Pieces Blocking Vertical Opp: 0
Horizontal Base Opp: 0
Horizontal Attack Opp: 0
Inactive Opp: 0
Total Evaluation: 3712.5
---------------------------
Move returned in 0.002735 seconds.
TT Hit Rate: 15.2691% (10621 hits, 58938 misses)
Total moves made by agent: 9
=========================================
Doing Minimax for player: circle at depth 3

--- Pruning Statistics ---
Nodes visited: 351
Nodes pruned: 0
Total nodes (visited + pruned): 351
Pruning efficiency: 0%
-------------------------


========== PRINCIPAL VARIATION (Bot's Analysis) ==========
The bot expects the following sequence of moves:

  Move 1 - circle will push from (7,9) to (7,8) pushing to (7,7)
  Move 2 - square will push from (7,7) to (7,8) pushing to (7,9)
==========================================================

Selected: push from (7,9) to (7,8)
📊 Board state recorded. History size: 6
----- Debug Heuristic -----
Vertical Push: 670
Pieces in Scoring (Attack): 0
Horizontal Attack Self: 0
Inactive Self: 0
Pieces Blocking Vertical Self: 0
Horizontal Base Self: 0
Horizontal Negative Self: 0
--- Opponent ---
Pieces in Scoring (Defense): 0
Pieces Blocking Vertical Opp: 0
Horizontal Base Opp: 0
Horizontal Attack Opp: 0
Inactive Opp: 0
Total Evaluation: 670
---------------------------
Move returned in 0.005618 seconds.
TT Hit Rate: 13.9712% (12539 hits, 77210 misses)
Total moves made by agent: 10
=========================================
Doing Minimax for player: square at depth 3

--- Pruning Statistics ---
Nodes visited: 173
Nodes pruned: 0
Total nodes (visited + pruned): 173
Pruning efficiency: 0%
-------------------------


========== PRINCIPAL VARIATION (Bot's Analysis) ==========
The bot expects the following sequence of moves:

  Move 1 - square will push from (7,7) to (7,8) pushing to (7,9)
  Move 2 - circle will push from (7,9) to (7,8) pushing to (7,7)
==========================================================

⚠️  STALEMATE WARNING: Board state repeating every 2 moves (3 times)!
   This indicates both players are cycling moves.
   Avoiding this move to prevent draw by repetition.
🔄 Stalemate would occur! Looking for alternative move...
✅ After re-minimax, selected move: flip

--- Pruning Statistics (Re-run) ---
Nodes visited: 6005
Nodes pruned: 11024
Total nodes (visited + pruned): 17029
Pruning efficiency: 64.7366%
-----------------------------------


--- Updated Analysis (avoiding stalemate) ---

========== PRINCIPAL VARIATION (Bot's Analysis) ==========
The bot expects the following sequence of moves:

  Move 1 - square will flip at (4,3)
  Move 2 - circle will move from (8,8) to (8,5)
  Move 3 - square will move from (8,3) to (9,3)
==========================================================

Selected: flip from (4,3) to (4,3)
📊 Board state recorded. History size: 6
----- Debug Heuristic -----
Vertical Push: 602.5
Pieces in Scoring (Attack): 0
Horizontal Attack Self: 0
Inactive Self: 0
Pieces Blocking Vertical Self: 0
Horizontal Base Self: 0
Horizontal Negative Self: 0
--- Opponent ---
Pieces in Scoring (Defense): 0
Pieces Blocking Vertical Opp: 0
Horizontal Base Opp: 0
Horizontal Attack Opp: 0
Inactive Opp: 0
Total Evaluation: 602.5
---------------------------
Move returned in 0.091005 seconds.
TT Hit Rate: 19.9472% (15107 hits, 60628 misses)
Total moves made by agent: 10
=========================================
Doing Minimax for player: circle at depth 3

--- Pruning Statistics ---
Nodes visited: 14124
Nodes pruned: 33447
Total nodes (visited + pruned): 47571
Pruning efficiency: 70.3096%
-------------------------


========== PRINCIPAL VARIATION (Bot's Analysis) ==========
The bot expects the following sequence of moves:

  Move 1 - circle will flip at (7,8)
  Move 2 - square will move from (8,3) to (9,3)
  Move 3 - circle will push from (7,8) to (8,8) pushing to (9,1)
==========================================================

Selected: flip from (7,8) to (7,8)
📊 Board state recorded. History size: 6
----- Debug Heuristic -----
Vertical Push: 670
Pieces in Scoring (Attack): 0
Horizontal Attack Self: 0
Inactive Self: 0
Pieces Blocking Vertical Self: 0
Horizontal Base Self: 10
Horizontal Negative Self: 0
--- Opponent ---
Pieces in Scoring (Defense): 0
Pieces Blocking Vertical Opp: 0
Horizontal Base Opp: 0
Horizontal Attack Opp: 0
Inactive Opp: 0
Total Evaluation: 680
---------------------------
Move returned in 0.19755 seconds.
TT Hit Rate: 14.5054% (15067 hits, 88805 misses)
Total moves made by agent: 11
=========================================
Doing Minimax for player: square at depth 3

--- Pruning Statistics ---
Nodes visited: 10878
Nodes pruned: 52784
Total nodes (visited + pruned): 63662
Pruning efficiency: 82.9129%
-------------------------


========== PRINCIPAL VARIATION (Bot's Analysis) ==========
The bot expects the following sequence of moves:

  Move 1 - square will move from (3,4) to (3,3)
  Move 2 - circle will push from (7,8) to (8,8) pushing to (9,1)
  Move 3 - square will move from (3,3) to (2,9)
==========================================================

Selected: move from (3,4) to (3,3)
📊 Board state recorded. History size: 6
----- Debug Heuristic -----
Vertical Push: 602.5
Pieces in Scoring (Attack): 0
Horizontal Attack Self: 0
Inactive Self: 0
Pieces Blocking Vertical Self: 0
Horizontal Base Self: 0
Horizontal Negative Self: 0
--- Opponent ---
Pieces in Scoring (Defense): 0
Pieces Blocking Vertical Opp: 0
Horizontal Base Opp: -10
Horizontal Attack Opp: 0
Inactive Opp: 0
Total Evaluation: 592.5
---------------------------
Move returned in 0.214964 seconds.
TT Hit Rate: 19.5412% (16925 hits, 69687 misses)
Total moves made by agent: 11
=========================================
Doing Minimax for player: circle at depth 3

--- Pruning Statistics ---
Nodes visited: 18134
Nodes pruned: 19415
Total nodes (visited + pruned): 37549
Pruning efficiency: 51.7058%
-------------------------


========== PRINCIPAL VARIATION (Bot's Analysis) ==========
The bot expects the following sequence of moves:

  Move 1 - circle will push from (7,8) to (8,8) pushing to (9,2)
  Move 2 - square will move from (7,7) to (7,8)
  Move 3 - circle will move from (9,2) to (8,2)
==========================================================

Selected: push from (7,8) to (8,8)
📊 Board state recorded. History size: 6
----- Debug Heuristic -----
Vertical Push: 702.5
Pieces in Scoring (Attack): 7000
Horizontal Attack Self: 0
Inactive Self: 0
Pieces Blocking Vertical Self: 0
Horizontal Base Self: 0
Horizontal Negative Self: 0
--- Opponent ---
Pieces in Scoring (Defense): 0
Pieces Blocking Vertical Opp: 0
Horizontal Base Opp: 0
Horizontal Attack Opp: 0
Inactive Opp: 0
Total Evaluation: 7702.5
---------------------------
Move returned in 0.226579 seconds.
TT Hit Rate: 14.2199% (17349 hits, 104656 misses)
Total moves made by agent: 12
=========================================
Doing Minimax for player: square at depth 3

--- Pruning Statistics ---
Nodes visited: 16240
Nodes pruned: 34623
Total nodes (visited + pruned): 50863
Pruning efficiency: 68.0711%
-------------------------


========== PRINCIPAL VARIATION (Bot's Analysis) ==========
The bot expects the following sequence of moves:

  Move 1 - square will move from (7,7) to (7,8)
  Move 2 - circle will move from (9,2) to (8,2)
  Move 3 - square will push from (8,3) to (8,2) pushing to (8,0)
==========================================================

Selected: move from (7,7) to (7,8)
📊 Board state recorded. History size: 6
----- Debug Heuristic -----
Vertical Push: 602.5
Pieces in Scoring (Attack): 3200
Horizontal Attack Self: 0
Inactive Self: 0
Pieces Blocking Vertical Self: 0
Horizontal Base Self: 0
Horizontal Negative Self: 0
--- Opponent ---
Pieces in Scoring (Defense): -7000
Pieces Blocking Vertical Opp: 0
Horizontal Base Opp: 0
Horizontal Attack Opp: 0
Inactive Opp: 0
Total Evaluation: -3197.5
---------------------------
Move returned in 0.231276 seconds.
TT Hit Rate: 18.9303% (19470 hits, 83381 misses)
Total moves made by agent: 12
=========================================
Doing Minimax for player: circle at depth 3

--- Pruning Statistics ---
Nodes visited: 17685
Nodes pruned: 33117
Total nodes (visited + pruned): 50802
Pruning efficiency: 65.1884%
-------------------------


========== PRINCIPAL VARIATION (Bot's Analysis) ==========
The bot expects the following sequence of moves:

  Move 1 - circle will flip at (9,2)
  Move 2 - square will push from (8,3) to (8,4) pushing to (8,2)
  Move 3 - circle will push from (9,2) to (8,2) pushing to (11,2)
==========================================================

Selected: flip from (9,2) to (9,2)
📊 Board state recorded. History size: 6
----- Debug Heuristic -----
Vertical Push: 702.5
Pieces in Scoring (Attack): 7000
Horizontal Attack Self: 150
Inactive Self: 0
Pieces Blocking Vertical Self: 0
Horizontal Base Self: 0
Horizontal Negative Self: 0
--- Opponent ---
Pieces in Scoring (Defense): -3200
Pieces Blocking Vertical Opp: 0
Horizontal Base Opp: 0
Horizontal Attack Opp: 0
Inactive Opp: 0
Total Evaluation: 4652.5
---------------------------
Move returned in 0.235589 seconds.
TT Hit Rate: 14.5523% (20328 hits, 119361 misses)
Total moves made by agent: 13
=========================================
Doing Minimax for player: square at depth 3

--- Pruning Statistics ---
Nodes visited: 14261
Nodes pruned: 51841
Total nodes (visited + pruned): 66102
Pruning efficiency: 78.4258%
-------------------------


========== PRINCIPAL VARIATION (Bot's Analysis) ==========
The bot expects the following sequence of moves:

  Move 1 - square will move from (8,4) to (8,2)
  Move 2 - circle will move from (3,8) to (3,4)
  Move 3 - square will move from (3,3) to (2,11)
==========================================================

Selected: move from (8,4) to (8,2)
📊 Board state recorded. History size: 6
----- Debug Heuristic -----
Vertical Push: 602.5
Pieces in Scoring (Attack): 3200
Horizontal Attack Self: 0
Inactive Self: 0
Pieces Blocking Vertical Self: 0
Horizontal Base Self: 0
Horizontal Negative Self: 0
--- Opponent ---
Pieces in Scoring (Defense): -7000
Pieces Blocking Vertical Opp: -150
Horizontal Base Opp: 0
Horizontal Attack Opp: 0
Inactive Opp: 0
Total Evaluation: -3347.5
---------------------------
Move returned in 0.243079 seconds.
TT Hit Rate: 19.0486% (22308 hits, 94803 misses)
Total moves made by agent: 13
=========================================
Doing Minimax for player: circle at depth 3

--- Pruning Statistics ---
Nodes visited: 26077
Nodes pruned: 52501
Total nodes (visited + pruned): 78578
Pruning efficiency: 66.8139%
-------------------------


========== PRINCIPAL VARIATION (Bot's Analysis) ==========
The bot expects the following sequence of moves:

  Move 1 - circle will move from (9,2) to (9,1)
  Move 2 - square will push from (8,3) to (8,2) pushing to (8,1)
  Move 3 - circle will push from (9,1) to (8,1) pushing to (0,1)
==========================================================

Selected: move from (9,2) to (9,1)
📊 Board state recorded. History size: 6
----- Debug Heuristic -----
Vertical Push: 735
Pieces in Scoring (Attack): 7000
Horizontal Attack Self: 100
Inactive Self: 0
Pieces Blocking Vertical Self: 150
Horizontal Base Self: 0
Horizontal Negative Self: 0
--- Opponent ---
Pieces in Scoring (Defense): -3200
Pieces Blocking Vertical Opp: 0
Horizontal Base Opp: 0
Horizontal Attack Opp: 0
Inactive Opp: 0
Total Evaluation: 4785
---------------------------
Move returned in 0.330832 seconds.
TT Hit Rate: 14.6056% (24211 hits, 141554 misses)
Total moves made by agent: 14
=========================================
Doing Minimax for player: square at depth 3

--- Pruning Statistics ---
Nodes visited: 17605
Nodes pruned: 57175
Total nodes (visited + pruned): 74780
Pruning efficiency: 76.4576%
-------------------------


========== PRINCIPAL VARIATION (Bot's Analysis) ==========
The bot expects the following sequence of moves:

  Move 1 - square will move from (8,3) to (7,7)
  Move 2 - circle will move from (6,9) to (7,9)
  Move 3 - square will move from (3,3) to (2,10)
==========================================================

Selected: move from (8,3) to (7,7)
📊 Board state recorded. History size: 6
----- Debug Heuristic -----
Vertical Push: 472.5
Pieces in Scoring (Attack): 3200
Horizontal Attack Self: 0
Inactive Self: 0
Pieces Blocking Vertical Self: 0
Horizontal Base Self: 0
Horizontal Negative Self: 0
--- Opponent ---
Pieces in Scoring (Defense): -7000
Pieces Blocking Vertical Opp: 0
Horizontal Base Opp: 0
Horizontal Attack Opp: -100
Inactive Opp: 0
Total Evaluation: -3427.5
---------------------------
Move returned in 0.286211 seconds.
TT Hit Rate: 17.7464% (23907 hits, 110808 misses)
Total moves made by agent: 14
=========================================
Doing Minimax for player: circle at depth 3

--- Pruning Statistics ---
Nodes visited: 14373
Nodes pruned: 44208
Total nodes (visited + pruned): 58581
Pruning efficiency: 75.4647%
-------------------------


========== PRINCIPAL VARIATION (Bot's Analysis) ==========
The bot expects the following sequence of moves:

  Move 1 - circle will move from (6,9) to (7,9)
  Move 2 - square will move from (3,3) to (2,9)
  Move 3 - circle will move from (3,8) to (3,2)
==========================================================

Selected: move from (6,9) to (7,9)
📊 Board state recorded. History size: 6
----- Debug Heuristic -----
Vertical Push: 767.5
Pieces in Scoring (Attack): 7000
Horizontal Attack Self: 100
Inactive Self: 0
Pieces Blocking Vertical Self: 0
Horizontal Base Self: 0
Horizontal Negative Self: 0
--- Opponent ---
Pieces in Scoring (Defense): -3200
Pieces Blocking Vertical Opp: 0
Horizontal Base Opp: 0
Horizontal Attack Opp: 0
Inactive Opp: 0
Total Evaluation: 4667.5
---------------------------
Move returned in 0.225713 seconds.
TT Hit Rate: 16.2493% (29271 hits, 150866 misses)
Total moves made by agent: 15
=========================================
Doing Minimax for player: square at depth 3

--- Pruning Statistics ---
Nodes visited: 10258
Nodes pruned: 29460
Total nodes (visited + pruned): 39718
Pruning efficiency: 74.1729%
-------------------------


========== PRINCIPAL VARIATION (Bot's Analysis) ==========
The bot expects the following sequence of moves:

  Move 1 - square will move from (8,2) to (8,3)
  Move 2 - circle will move from (9,1) to (8,1)
  Move 3 - square will move from (3,3) to (2,9)
==========================================================

Selected: move from (8,2) to (8,3)
📊 Board state recorded. History size: 6
----- Debug Heuristic -----
Vertical Push: 472.5
Pieces in Scoring (Attack): 3200
Horizontal Attack Self: 0
Inactive Self: 0
Pieces Blocking Vertical Self: 0
Horizontal Base Self: 0
Horizontal Negative Self: 0
--- Opponent ---
Pieces in Scoring (Defense): -7000
Pieces Blocking Vertical Opp: 0
Horizontal Base Opp: 0
Horizontal Attack Opp: -100
Inactive Opp: 0
Total Evaluation: -3427.5
---------------------------
Move returned in 0.181932 seconds.
TT Hit Rate: 17.2882% (25063 hits, 119909 misses)
Total moves made by agent: 15
=========================================
Doing Minimax for player: circle at depth 3

--- Pruning Statistics ---
Nodes visited: 28177
Nodes pruned: 38274
Total nodes (visited + pruned): 66451
Pruning efficiency: 57.5973%
-------------------------


========== PRINCIPAL VARIATION (Bot's Analysis) ==========
The bot expects the following sequence of moves:

  Move 1 - circle will move from (8,8) to (6,1)
  Move 2 - square will push from (7,3) to (8,3) pushing to (8,10)
  Move 3 - circle will move from (6,1) to (6,2)
==========================================================

Selected: move from (8,8) to (6,1)
📊 Board state recorded. History size: 6
----- Debug Heuristic -----
Vertical Push: 735
Pieces in Scoring (Attack): 21000
Horizontal Attack Self: 100
Inactive Self: 0
Pieces Blocking Vertical Self: 0
Horizontal Base Self: 0
Horizontal Negative Self: 0
--- Opponent ---
Pieces in Scoring (Defense): -3200
Pieces Blocking Vertical Opp: -150
Horizontal Base Opp: 0
Horizontal Attack Opp: 0
Inactive Opp: 0
Total Evaluation: 18485
---------------------------
Move returned in 0.338768 seconds.
TT Hit Rate: 14.8118% (30855 hits, 177458 misses)
Total moves made by agent: 16
=========================================
Doing Minimax for player: square at depth 3

--- Pruning Statistics ---
Nodes visited: 11023
Nodes pruned: 24927
Total nodes (visited + pruned): 35950
Pruning efficiency: 69.338%
-------------------------


========== PRINCIPAL VARIATION (Bot's Analysis) ==========
The bot expects the following sequence of moves:

  Move 1 - square will push from (7,3) to (8,3) pushing to (8,10)
  Move 2 - circle will push from (8,9) to (8,10) pushing to (8,4)
  Move 3 - square will move from (3,3) to (2,9)
==========================================================

Selected: push from (7,3) to (8,3)
📊 Board state recorded. History size: 6
----- Debug Heuristic -----
Vertical Push: 472.5
Pieces in Scoring (Attack): 17200
Horizontal Attack Self: 0
Inactive Self: 0
Pieces Blocking Vertical Self: 150
Horizontal Base Self: 0
Horizontal Negative Self: 0
--- Opponent ---
Pieces in Scoring (Defense): -21000
Pieces Blocking Vertical Opp: 0
Horizontal Base Opp: 0
Horizontal Attack Opp: -100
Inactive Opp: 0
Total Evaluation: -3277.5
---------------------------
Move returned in 0.162534 seconds.
TT Hit Rate: 18.6988% (29169 hits, 126825 misses)
Total moves made by agent: 16
=========================================
Doing Minimax for player: circle at depth 3

--- Pruning Statistics ---
Nodes visited: 11419
Nodes pruned: 21239
Total nodes (visited + pruned): 32658
Pruning efficiency: 65.0346%
-------------------------


========== PRINCIPAL VARIATION (Bot's Analysis) ==========
The bot expects the following sequence of moves:

  Move 1 - circle will push from (8,9) to (8,10) pushing to (8,4)
  Move 2 - square will move from (3,3) to (2,11)
  Move 3 - circle will move from (6,1) to (6,2)
==========================================================

Selected: push from (8,9) to (8,10)
📊 Board state recorded. History size: 6
----- Debug Heuristic -----
Vertical Push: 572.5
Pieces in Scoring (Attack): 21000
Horizontal Attack Self: 100
Inactive Self: 0
Pieces Blocking Vertical Self: 0
Horizontal Base Self: 0
Horizontal Negative Self: 0
--- Opponent ---
Pieces in Scoring (Defense): -3200
Pieces Blocking Vertical Opp: 0
Horizontal Base Opp: 0
Horizontal Attack Opp: 0
Inactive Opp: 0
Total Evaluation: 18472.5
---------------------------
Move returned in 0.169552 seconds.
TT Hit Rate: 15.068% (33109 hits, 186622 misses)
Total moves made by agent: 17
=========================================
Doing Minimax for player: square at depth 3

--- Pruning Statistics ---
Nodes visited: 8947
Nodes pruned: 13508
Total nodes (visited + pruned): 22455
Pruning efficiency: 60.1559%
-------------------------


========== PRINCIPAL VARIATION (Bot's Analysis) ==========
The bot expects the following sequence of moves:

  Move 1 - square will move from (3,3) to (2,11)
  Move 2 - circle will move from (6,1) to (6,2)
  Move 3 - square will move from (2,11) to (3,11)
==========================================================

Selected: move from (3,3) to (2,11)
📊 Board state recorded. History size: 6
----- Debug Heuristic -----
Vertical Push: 472.5
Pieces in Scoring (Attack): 10200
Horizontal Attack Self: 0
Inactive Self: 0
Pieces Blocking Vertical Self: 0
Horizontal Base Self: 0
Horizontal Negative Self: 0
--- Opponent ---
Pieces in Scoring (Defense): -21000
Pieces Blocking Vertical Opp: 0
Horizontal Base Opp: 0
Horizontal Attack Opp: -100
Inactive Opp: 0
Total Evaluation: -10427.5
---------------------------
Move returned in 0.12556 seconds.
TT Hit Rate: 19.8672% (32769 hits, 132171 misses)
Total moves made by agent: 17
=========================================
Doing Minimax for player: circle at depth 3

--- Pruning Statistics ---
Nodes visited: 12143
Nodes pruned: 18092
Total nodes (visited + pruned): 30235
Pruning efficiency: 59.8379%
-------------------------


========== PRINCIPAL VARIATION (Bot's Analysis) ==========
The bot expects the following sequence of moves:

  Move 1 - circle will move from (3,8) to (3,2)
  Move 2 - square will move from (2,11) to (3,11)
  Move 3 - circle will move from (3,2) to (4,2)
==========================================================

Selected: move from (3,8) to (3,2)
📊 Board state recorded. History size: 6
----- Debug Heuristic -----
Vertical Push: 702.5
Pieces in Scoring (Attack): 35000
Horizontal Attack Self: 100
Inactive Self: 0
Pieces Blocking Vertical Self: 0
Horizontal Base Self: 0
Horizontal Negative Self: 0
--- Opponent ---
Pieces in Scoring (Defense): -10200
Pieces Blocking Vertical Opp: 0
Horizontal Base Opp: 0
Horizontal Attack Opp: 0
Inactive Opp: 0
Total Evaluation: 25602.5
---------------------------
Move returned in 0.153152 seconds.
TT Hit Rate: 15.2916% (35457 hits, 196416 misses)
Total moves made by agent: 18
=========================================
Doing Minimax for player: square at depth 3

--- Pruning Statistics ---
Nodes visited: 5913
Nodes pruned: 18365
Total nodes (visited + pruned): 24278
Pruning efficiency: 75.6446%
-------------------------


========== PRINCIPAL VARIATION (Bot's Analysis) ==========
The bot expects the following sequence of moves:

  Move 1 - square will move from (4,3) to (3,3)
  Move 2 - circle will move from (3,2) to (4,2)
  Move 3 - square will move from (2,3) to (3,10)
==========================================================

Selected: move from (4,3) to (3,3)
📊 Board state recorded. History size: 6
----- Debug Heuristic -----
Vertical Push: 545
Pieces in Scoring (Attack): 10200
Horizontal Attack Self: 0
Inactive Self: 0
Pieces Blocking Vertical Self: 0
Horizontal Base Self: 0
Horizontal Negative Self: 0
--- Opponent ---
Pieces in Scoring (Defense): -35000
Pieces Blocking Vertical Opp: 0
Horizontal Base Opp: 0
Horizontal Attack Opp: -100
Inactive Opp: 0
Total Evaluation: -24355
---------------------------
Move returned in 0.103304 seconds.
TT Hit Rate: 20.5523% (35114 hits, 135738 misses)
Total moves made by agent: 18
=========================================
Doing Minimax for player: circle at depth 3

--- Pruning Statistics ---
Nodes visited: 10231
Nodes pruned: 11124
Total nodes (visited + pruned): 21355
Pruning efficiency: 52.0908%
-------------------------


========== PRINCIPAL VARIATION (Bot's Analysis) ==========
The bot expects the following sequence of moves:

  Move 1 - circle will move from (3,2) to (4,2)
  Move 2 - square will move from (2,3) to (3,10)
  Move 3 - circle will move from (6,1) to (6,2)
==========================================================

Selected: move from (3,2) to (4,2)
📊 Board state recorded. History size: 6
----- Debug Heuristic -----
Vertical Push: 572.5
Pieces in Scoring (Attack): 4.079e+06
Horizontal Attack Self: 100
Inactive Self: 0
Pieces Blocking Vertical Self: 0
Horizontal Base Self: 0
Horizontal Negative Self: 0
--- Opponent ---
Pieces in Scoring (Defense): -10200
Pieces Blocking Vertical Opp: 0
Horizontal Base Opp: 0
Horizontal Attack Opp: 0
Inactive Opp: 0
Total Evaluation: 4.06947e+06
---------------------------
Move returned in 0.135666 seconds.
TT Hit Rate: 15.3125% (37072 hits, 205031 misses)
Total moves made by agent: 19
=========================================
Doing Minimax for player: square at depth 3

--- Pruning Statistics ---
Nodes visited: 8493
Nodes pruned: 13571
Total nodes (visited + pruned): 22064
Pruning efficiency: 61.5074%
-------------------------


========== PRINCIPAL VARIATION (Bot's Analysis) ==========
The bot expects the following sequence of moves:

  Move 1 - square will move from (2,3) to (3,10)
  Move 2 - circle will move from (6,1) to (6,2)
  Move 3 - square will move from (3,10) to (4,10)
==========================================================

Selected: move from (2,3) to (3,10)
📊 Board state recorded. History size: 6
----- Debug Heuristic -----
Vertical Push: 317.5
Pieces in Scoring (Attack): 24200
Horizontal Attack Self: 0
Inactive Self: 0
Pieces Blocking Vertical Self: 0
Horizontal Base Self: 0
Horizontal Negative Self: 0
--- Opponent ---
Pieces in Scoring (Defense): -4.079e+06
Pieces Blocking Vertical Opp: 0
Horizontal Base Opp: 0
Horizontal Attack Opp: -100
Inactive Opp: 0
Total Evaluation: -4.05458e+06
---------------------------
Move returned in 0.120133 seconds.
TT Hit Rate: 21.6567% (38840 hits, 140504 misses)
Total moves made by agent: 19
=========================================
Doing Minimax for player: circle at depth 3

--- Pruning Statistics ---
Nodes visited: 10169
Nodes pruned: 17355
Total nodes (visited + pruned): 27524
Pruning efficiency: 63.0541%
-------------------------


========== PRINCIPAL VARIATION (Bot's Analysis) ==========
The bot expects the following sequence of moves:

  Move 1 - circle will move from (6,8) to (6,7)
  Move 2 - square will move from (3,10) to (4,10)
  Move 3 - circle will move from (6,7) to (7,2)
==========================================================

Selected: move from (6,8) to (6,7)
📊 Board state recorded. History size: 6
----- Debug Heuristic -----
Vertical Push: 572.5
Pieces in Scoring (Attack): 4.079e+06
Horizontal Attack Self: 100
Inactive Self: 0
Pieces Blocking Vertical Self: 0
Horizontal Base Self: 0
Horizontal Negative Self: 0
--- Opponent ---
Pieces in Scoring (Defense): -24200
Pieces Blocking Vertical Opp: 0
Horizontal Base Opp: 0
Horizontal Attack Opp: 0
Inactive Opp: 0
Total Evaluation: 4.05547e+06
---------------------------
Move returned in 0.140792 seconds.
TT Hit Rate: 15.6082% (39375 hits, 212896 misses)
Total moves made by agent: 20
=========================================
Doing Minimax for player: square at depth 3

--- Pruning Statistics ---
Nodes visited: 7861
Nodes pruned: 13667
Total nodes (visited + pruned): 21528
Pruning efficiency: 63.4848%
-------------------------


========== PRINCIPAL VARIATION (Bot's Analysis) ==========
The bot expects the following sequence of moves:

  Move 1 - square will move from (3,10) to (4,10)
  Move 2 - circle will move from (6,1) to (6,2)
  Move 3 - square will flip at (4,10)
==========================================================

Selected: move from (3,10) to (4,10)
📊 Board state recorded. History size: 6
----- Debug Heuristic -----
Vertical Push: 275
Pieces in Scoring (Attack): 4.0162e+06
Horizontal Attack Self: 0
Inactive Self: 0
Pieces Blocking Vertical Self: 0
Horizontal Base Self: 0
Horizontal Negative Self: 0
--- Opponent ---
Pieces in Scoring (Defense): -4.079e+06
Pieces Blocking Vertical Opp: 0
Horizontal Base Opp: 0
Horizontal Attack Opp: -100
Inactive Opp: 0
Total Evaluation: -62625
---------------------------
Move returned in 0.119397 seconds.
TT Hit Rate: 21.82% (40848 hits, 146356 misses)
Total moves made by agent: 20
=========================================
Doing Minimax for player: circle at depth 3

--- Pruning Statistics ---
Nodes visited: 10233
Nodes pruned: 16670
Total nodes (visited + pruned): 26903
Pruning efficiency: 61.9633%
-------------------------


========== PRINCIPAL VARIATION (Bot's Analysis) ==========
The bot expects the following sequence of moves:

  Move 1 - circle will move from (6,1) to (6,2)
  Move 2 - square will flip at (7,7)
  Move 3 - circle will move from (4,9) to (3,2)
==========================================================

Selected: move from (6,1) to (6,2)
📊 Board state recorded. History size: 6
----- Debug Heuristic -----
Vertical Push: 572.5
Pieces in Scoring (Attack): 8.091e+06
Horizontal Attack Self: 100
Inactive Self: 0
Pieces Blocking Vertical Self: 0
Horizontal Base Self: 0
Horizontal Negative Self: 0
--- Opponent ---
Pieces in Scoring (Defense): -4.0162e+06
Pieces Blocking Vertical Opp: 0
Horizontal Base Opp: 0
Horizontal Attack Opp: 0
Inactive Opp: 0
Total Evaluation: 4.07547e+06
---------------------------
Move returned in 0.135239 seconds.
TT Hit Rate: 15.9579% (41890 hits, 220613 misses)
Total moves made by agent: 21
=========================================
Doing Minimax for player: square at depth 3

--- Pruning Statistics ---
Nodes visited: 6774
Nodes pruned: 12357
Total nodes (visited + pruned): 19131
Pruning efficiency: 64.5915%
-------------------------


========== PRINCIPAL VARIATION (Bot's Analysis) ==========
The bot expects the following sequence of moves:

  Move 1 - square will flip at (4,10)
  Move 2 - circle will move from (4,9) to (3,1)
  Move 3 - square will move from (2,11) to (3,11)
==========================================================

Selected: flip from (4,10) to (4,10)
📊 Board state recorded. History size: 6
----- Debug Heuristic -----
Vertical Push: 230
Pieces in Scoring (Attack): 4.0562e+06
Horizontal Attack Self: 0
Inactive Self: 0
Pieces Blocking Vertical Self: 0
Horizontal Base Self: 0
Horizontal Negative Self: 0
--- Opponent ---
Pieces in Scoring (Defense): -8.091e+06
Pieces Blocking Vertical Opp: 0
Horizontal Base Opp: 0
Horizontal Attack Opp: -100
Inactive Opp: 0
Total Evaluation: -4.03467e+06
---------------------------
Move returned in 0.108867 seconds.
TT Hit Rate: 21.8552% (42394 hits, 151583 misses)
Total moves made by agent: 21
=========================================
Doing Minimax for player: circle at depth 3

--- Pruning Statistics ---
Nodes visited: 75729
Nodes pruned: 74044
Total nodes (visited + pruned): 149773
Pruning efficiency: 49.4375%
-------------------------


========== PRINCIPAL VARIATION (Bot's Analysis) ==========
The bot expects the following sequence of moves:

  Move 1 - circle will move from (4,9) to (3,2)
  Move 2 - square will rotate at (7,7)
  Move 3 - circle will move from (9,1) to (8,1)
==========================================================

Selected: move from (4,9) to (3,2)
📊 Board state recorded. History size: 6
----- Debug Heuristic -----
Vertical Push: 547.5
Pieces in Scoring (Attack): 8.113e+06
Horizontal Attack Self: 100
Inactive Self: 0
Pieces Blocking Vertical Self: 0
Horizontal Base Self: 0
Horizontal Negative Self: 0
--- Opponent ---
Pieces in Scoring (Defense): -4.0562e+06
Pieces Blocking Vertical Opp: 0
Horizontal Base Opp: 0
Horizontal Attack Opp: 0
Inactive Opp: 0
Total Evaluation: 4.05745e+06
---------------------------
Move returned in 0.756347 seconds.
TT Hit Rate: 16.0624% (54328 hits, 283903 misses)
Total moves made by agent: 22
=========================================
Doing Minimax for player: square at depth 3

--- Pruning Statistics ---
Nodes visited: 9488
Nodes pruned: 22822
Total nodes (visited + pruned): 32310
Pruning efficiency: 70.6345%
-------------------------


========== PRINCIPAL VARIATION (Bot's Analysis) ==========
The bot expects the following sequence of moves:

  Move 1 - square will move from (3,3) to (3,11)
  Move 2 - circle will move from (9,1) to (8,1)
  Move 3 - square will move from (2,11) to (3,10)
==========================================================

Selected: move from (3,3) to (3,11)
📊 Board state recorded. History size: 6
----- Debug Heuristic -----
Vertical Push: 100
Pieces in Scoring (Attack): 4.0722e+06
Horizontal Attack Self: 0
Inactive Self: 0
Pieces Blocking Vertical Self: 0
Horizontal Base Self: 0
Horizontal Negative Self: 0
--- Opponent ---
Pieces in Scoring (Defense): -8.113e+06
Pieces Blocking Vertical Opp: 0
Horizontal Base Opp: 0
Horizontal Attack Opp: -100
Inactive Opp: 0
Total Evaluation: -4.0408e+06
---------------------------
Move returned in 0.155022 seconds.
TT Hit Rate: 21.7926% (44340 hits, 159124 misses)
Total moves made by agent: 22
=========================================
Doing Minimax for player: circle at depth 3

--- Pruning Statistics ---
Nodes visited: 60405
Nodes pruned: 70469
Total nodes (visited + pruned): 130874
Pruning efficiency: 53.8449%
-------------------------


========== PRINCIPAL VARIATION (Bot's Analysis) ==========
The bot expects the following sequence of moves:

  Move 1 - circle will rotate at (3,2)
  Move 2 - square will rotate at (7,7)
  Move 3 - circle will push from (3,2) to (4,2) pushing to (5,2)
==========================================================

Selected: rotate from (3,2) to (3,2)
📊 Board state recorded. History size: 6
----- Debug Heuristic -----
Vertical Push: 612.5
Pieces in Scoring (Attack): 8.113e+06
Horizontal Attack Self: 220
Inactive Self: 0
Pieces Blocking Vertical Self: 0
Horizontal Base Self: 0
Horizontal Negative Self: 0
--- Opponent ---
Pieces in Scoring (Defense): -4.0722e+06
Pieces Blocking Vertical Opp: 0
Horizontal Base Opp: 0
Horizontal Attack Opp: 0
Inactive Opp: 0
Total Evaluation: 4.04163e+06
---------------------------
Move returned in 0.697635 seconds.
TT Hit Rate: 15.6986% (62580 hits, 336055 misses)
Total moves made by agent: 23
=========================================
Doing Minimax for player: square at depth 3

--- Pruning Statistics ---
Nodes visited: 14138
Nodes pruned: 15295
Total nodes (visited + pruned): 29433
Pruning efficiency: 51.9655%
-------------------------


========== PRINCIPAL VARIATION (Bot's Analysis) ==========
The bot expects the following sequence of moves:

  Move 1 - square will move from (2,11) to (3,10)
  Move 2 - circle will push from (3,9) to (3,10) pushing to (0,2)
  Move 3 - square will push from (3,11) to (3,10) pushing to (3,12)
==========================================================

Selected: move from (2,11) to (3,10)
📊 Board state recorded. History size: 6
----- Debug Heuristic -----
Vertical Push: 100
Pieces in Scoring (Attack): 4.0852e+06
Horizontal Attack Self: 0
Inactive Self: 0
Pieces Blocking Vertical Self: 0
Horizontal Base Self: 0
Horizontal Negative Self: 0
--- Opponent ---
Pieces in Scoring (Defense): -8.113e+06
Pieces Blocking Vertical Opp: 0
Horizontal Base Opp: 0
Horizontal Attack Opp: -220
Inactive Opp: 0
Total Evaluation: -4.02792e+06
---------------------------
Move returned in 0.177349 seconds.
TT Hit Rate: 22.345% (48623 hits, 168978 misses)
Total moves made by agent: 23
=========================================
Doing Minimax for player: circle at depth 3

--- Pruning Statistics ---
Nodes visited: 12113
Nodes pruned: 12118
Total nodes (visited + pruned): 24231
Pruning efficiency: 50.0103%
-------------------------


========== PRINCIPAL VARIATION (Bot's Analysis) ==========
The bot expects the following sequence of moves:

  Move 1 - circle will move from (6,7) to (7,2)
  Move 2 - square will push from (6,3) to (6,4) pushing to (6,10)
  Move 3 - circle will push from (3,2) to (4,2) pushing to (5,2)
==========================================================

Selected: move from (6,7) to (7,2)
📊 Board state recorded. History size: 6
----- Debug Heuristic -----
Vertical Push: 612.5
Pieces in Scoring (Attack): 1.2153e+07
Horizontal Attack Self: 220
Inactive Self: 0
Pieces Blocking Vertical Self: 0
Horizontal Base Self: 0
Horizontal Negative Self: 0
--- Opponent ---
Pieces in Scoring (Defense): -4.0852e+06
Pieces Blocking Vertical Opp: 0
Horizontal Base Opp: 0
Horizontal Attack Opp: 0
Inactive Opp: 0
Total Evaluation: 8.06863e+06
---------------------------
Move returned in 0.167256 seconds.
TT Hit Rate: 15.7832% (64829 hits, 345918 misses)
Total moves made by agent: 24
=========================================
Doing Minimax for player: square at depth 3

--- Pruning Statistics ---
Nodes visited: 381
Nodes pruned: 16564
Total nodes (visited + pruned): 16945
Pruning efficiency: 97.7515%
-------------------------


========== PRINCIPAL VARIATION (Bot's Analysis) ==========
The bot expects the following sequence of moves:

  Move 1 - square will move from (6,4) to (6,10)
  Move 2 - circle will push from (3,2) to (4,2) pushing to (5,2)
==========================================================

Selected: move from (6,4) to (6,10)
📊 Board state recorded. History size: 6
----- Debug Heuristic -----
Vertical Push: 235
Pieces in Scoring (Attack): 8.1312e+06
Horizontal Attack Self: 0
Inactive Self: 0
Pieces Blocking Vertical Self: 0
Horizontal Base Self: 0
Horizontal Negative Self: 0
--- Opponent ---
Pieces in Scoring (Defense): -1.2153e+07
Pieces Blocking Vertical Opp: 0
Horizontal Base Opp: 0
Horizontal Attack Opp: -220
Inactive Opp: 0
Total Evaluation: -4.02178e+06
---------------------------
Move returned in 0.074834 seconds.
TT Hit Rate: 22.3061% (48623 hits, 169358 misses)
Total moves made by agent: 24
=========================================
Doing Minimax for player: circle at depth 3

--- Pruning Statistics ---
Nodes visited: 7709
Nodes pruned: 8310
Total nodes (visited + pruned): 16019
Pruning efficiency: 51.8759%
-------------------------


========== PRINCIPAL VARIATION (Bot's Analysis) ==========
The bot expects the following sequence of moves:

  Move 1 - circle will push from (3,2) to (4,2) pushing to (5,2)
==========================================================

Selected: push from (3,2) to (4,2)
📊 Board state recorded. History size: 6
----- Debug Heuristic -----
Vertical Push: 0
Pieces in Scoring (Attack): 0
Horizontal Attack Self: 0
Inactive Self: 0
Pieces Blocking Vertical Self: 0
Horizontal Base Self: 0
Horizontal Negative Self: 0
--- Opponent ---
Pieces in Scoring (Defense): 0
Pieces Blocking Vertical Opp: 0
Horizontal Base Opp: 0
Horizontal Attack Opp: 0
Inactive Opp: 0
Total Evaluation: 1e+09
---------------------------
Move returned in 0.110869 seconds.
TT Hit Rate: 16.1389% (67534 hits, 350921 misses)
Total moves made by agent: 25
